// Jest Snapshot v1, https://goo.gl/fbAQLP

exports[`PasswordRequirement should display all password requirements with their states 1`] = `
<WithStyles(ForwardRef(Grid))
  alignContent="flex-start"
  container={true}
  direction="column"
  style={
    Object {
      "margin": "1rem 0",
    }
  }
>
  <PasswordRequirement
    check="hasLower value"
    message="password contains some lowercase characters..."
  />
  <PasswordRequirement
    check="hasUpper value"
    message="password contains some uppercase characters..."
  />
  <PasswordRequirement
    check="hasNumber value"
    message="password contains some numbers..."
  />
  <PasswordRequirement
    check="hasSymbol value"
    message="password contains some symbols..."
  />
  <PasswordRequirement
    check="hasValidLength value"
    message="password contains 8..30 characters..."
  />
</WithStyles(ForwardRef(Grid))>
`;
