// Jest Snapshot v1, https://goo.gl/fbAQLP

exports[`AppDrawer should provide show content, and a closing callback to DrawerDisplay 1`] = `
<DrawerDisplay
  hideDrawer={[Function]}
  store={
    Object {
      "clearActions": [Function],
      "dispatch": [Function],
      "getActions": [Function],
      "getState": [Function],
      "replaceReducer": [Function],
      "subscribe": [Function],
    }
  }
/>
`;
