// Jest Snapshot v1, https://goo.gl/fbAQLP

exports[`AppLayout should provide showDrawer to LayoutDisplay 1`] = `
<LayoutDisplay
  dispatch={[Function]}
  showDrawer="showDrawer from state"
  store={
    Object {
      "clearActions": [Function],
      "dispatch": [Function],
      "getActions": [Function],
      "getState": [Function],
      "replaceReducer": [Function],
      "subscribe": [Function],
    }
  }
/>
`;
