// Jest Snapshot v1, https://goo.gl/fbAQLP

exports[`AppMenu should provide allowNavigation to Menu 1`] = `
<Menu
  allowNavigation="allowNavigation from state"
  dispatch={[Function]}
  store={
    Object {
      "clearActions": [Function],
      "dispatch": [Function],
      "getActions": [Function],
      "getState": [Function],
      "replaceReducer": [Function],
      "subscribe": [Function],
    }
  }
/>
`;
