// Jest Snapshot v1, https://goo.gl/fbAQLP

exports[`Loading should display a loader 1`] = `
<WithStyles(ForwardRef(Grid))
  alignItems="center"
  container={true}
  direction="column"
  justify="center"
  style={
    Object {
      "height": "50vh",
    }
  }
>
  <WithStyles(ForwardRef(Grid))
    item={true}
  >
    <WithStyles(ForwardRef(CircularProgress)) />
  </WithStyles(ForwardRef(Grid))>
  <WithStyles(ForwardRef(Grid))
    item={true}
  >
    Loading...
  </WithStyles(ForwardRef(Grid))>
</WithStyles(ForwardRef(Grid))>
`;
