// Jest Snapshot v1, https://goo.gl/fbAQLP

exports[`LoginScreen should provide login status, registration status, callbacks to LoginScreenDisplay 1`] = `
<LoginScreenDisplay
  exitApplication={[Function]}
  loginStatus="login status"
  registrationStatus="login status"
  resetRegistrationForm={[Function]}
  store={
    Object {
      "clearActions": [Function],
      "dispatch": [Function],
      "getActions": [Function],
      "getState": [Function],
      "replaceReducer": [Function],
      "subscribe": [Function],
    }
  }
/>
`;
