// Jest Snapshot v1, https://goo.gl/fbAQLP

exports[`LoginForm should provide status, email, password and callbacks to LoginFormDisplay 1`] = `
<LoginFormDisplay
  status="login status"
  store={
    Object {
      "clearActions": [Function],
      "dispatch": [Function],
      "getActions": [Function],
      "getState": [Function],
      "replaceReducer": [Function],
      "subscribe": [Function],
    }
  }
  submit={[Function]}
  update={[Function]}
/>
`;
