// Jest Snapshot v1, https://goo.gl/fbAQLP

exports[`MyContacts should provide the status, user list and a createConversation function to UserList 1`] = `
<ContactList
  addToConversation={[Function]}
  createConversation={[Function]}
  list="the user list"
  status="the status"
  store={
    Object {
      "clearActions": [Function],
      "dispatch": [Function],
      "getActions": [Function],
      "getState": [Function],
      "replaceReducer": [Function],
      "subscribe": [Function],
    }
  }
/>
`;
